// Jest Snapshot v1, https://goo.gl/fbAQLP

exports[`PlayerCards should be possible to instantiate card with given card data 1`] = `
Aragorn {
  "abilities": Object {
    "actions": Array [],
    "persistentEffects": Array [],
    "playActions": Array [],
    "responses": Array [
      CardResponse {
        "card": [Circular],
        "game": undefined,
        "properties": Object {
          "cost": Object {
            "canPay": [Function],
            "pay": [Function],
          },
          "handler": [Function],
          "when": Object {
            "undefined": [Function],
          },
        },
      },
    ],
  },
  "attack": 3,
  "cardData": Object {
    "atk": "3",
    "banned": null,
    "cost": 0,
    "deck": "Hero",
    "def": "2",
    "difficulty": "0",
    "encounter": "None",
    "encounterlist": "",
    "flavor": null,
    "fullurl": "http://www.cardgamedb.com/index.php/lotr/lord-of-the-rings-card-spoiler/_/core/aragorn-core",
    "furl": "aragorn-core",
    "guid": "",
    "hp": "5",
    "id": "33",
    "illustrator": "John Stanko",
    "img": "aragorn-core.jpg",
    "imgfolder": "lotr",
    "imgsize": "high",
    "label": "Aragorn",
    "max": 1,
    "name": "Aragorn",
    "num": "001",
    "packquantity": "1",
    "rabbr": "",
    "rating": "4",
    "sequence": "",
    "set": "Core",
    "setid": "116",
    "setname": "Core Set",
    "shadow": "",
    "sphere": "Leadership",
    "text": "Sentinel.<br />Response: After Aragorn commits to a quest, spend 1 resource from his resource pool to ready him.",
    "textcost": "",
    "th": "12",
    "trait": "Dunedain. Noble. Ranger.",
    "type": "Hero",
    "unique": "Yes",
    "victory": "",
    "wt": "2",
  },
  "code": "116-001",
  "controller": Object {
    "name": "chevalric",
  },
  "cost": 0,
  "defense": 2,
  "game": undefined,
  "hitPoints": 5,
  "isAttacking": false,
  "isCommittedToQuest": false,
  "isDefending": false,
  "isUnique": true,
  "keywords": Object {
    "simple": Object {
      "sentinel": true,
    },
    "valued": Object {},
  },
  "name": "Aragorn",
  "owner": Object {
    "name": "chevalric",
  },
  "spheres": Array [
    "leadership@spheres",
  ],
  "startingThreat": 12,
  "text": "Sentinel.<br />Response: After Aragorn commits to a quest, spend 1 resource from his resource pool to ready him.",
  "tokens": Object {},
  "traits": Object {
    " Noble": true,
    " Ranger": true,
    "Dunedain": true,
  },
  "type": "hero@cardTypes",
  "uuid": "xxxxxxxx-xxxx-xxxx-xxxx-xxxxxxxxxxxx",
  "willPower": 2,
  "wounds": 0,
}
`;
